// Jest Snapshot v1, https://goo.gl/fbAQLP

exports[`MoviePoster component should render correctly 1`] = `
.c0 {
  position: relative;
  display: inline-block;
  overflow: hidden;
  vertical-align: top;
}

.c1 {
  height: 38vh;
  width: 18vw;
  opacity: 1;
  -webkit-transition: opacity .25s,-webkit-transform .25s ease;
  -webkit-transition: opacity .25s,transform .25s ease;
  transition: opacity .25s,transform .25s ease;
}

.c1:hover {
  -webkit-transform: scale(1.09);
  -ms-transform: scale(1.09);
  transform: scale(1.09);
  opacity: 0.7;
}

<div
  className="c0"
>
  <img
    className="c1"
  />
</div>
`;
